<html>
<body>
<pre>
<h1>µVision Build Log</h1>
<h2>Tool Versions:</h2>
IDE-Version: ¦ÌVision V5.35.0.0
Copyright (C) 2021 ARM Ltd and ARM Germany GmbH. All rights reserved.
License Information: T Thompson, T, LIC=ATTQ1-CACBN-RATDM-XA1XZ-T75GT-MTR3N
 
Tool Versions:
Toolchain:       MDK-ARM Plus  Version: 5.35.0.2
Toolchain Path:  C:\Keil_v5\ARM\ARMCLANG\Bin
C Compiler:      ArmClang.exe V6.16
Assembler:       Armasm.exe V6.16
Linker/Locator:  ArmLink.exe V6.16
Library Manager: ArmAr.exe V6.16
Hex Converter:   FromElf.exe V6.16
CPU DLL:         SARMCM3.DLL V5.35.0.2
Dialog DLL:      DCM.DLL V1.17.3.0
Target DLL:      STLink\ST-LINKIII-KEIL_SWO.dll V3.0.9.0
Dialog DLL:      TCM.DLL V1.53.0.0
 
<h2>Project:</h2>
D:\Ë½ÓÐ´úÂë\water_griper_v1.1debug\MDK-ARM\water_griper_slave_v1.1debug.uvprojx
Project File Date:  10/21/2021

<h2>Output:</h2>
*** Using Compiler 'V6.16', folder: 'C:\Keil_v5\ARM\ARMCLANG\Bin'
Rebuild target 'watergriper_master_v1.0debug'
assembling startup_stm32f103xb.s...
compiling gpio.c...
compiling dma.c...
compiling stm32f1xx_it.c...
compiling adc.c...
compiling tim.c...
compiling main.c...
compiling stm32f1xx_hal_msp.c...
compiling usart.c...
compiling stm32f1xx_hal_gpio_ex.c...
compiling stm32f1xx_hal.c...
compiling stm32f1xx_hal_adc_ex.c...
compiling stm32f1xx_hal_adc.c...
compiling stm32f1xx_hal_rcc.c...
compiling stm32f1xx_hal_rcc_ex.c...
compiling stm32f1xx_hal_gpio.c...
compiling stm32f1xx_hal_cortex.c...
compiling stm32f1xx_hal_dma.c...
compiling stm32f1xx_hal_pwr.c...
compiling stm32f1xx_hal_flash.c...
compiling stm32f1xx_hal_flash_ex.c...
compiling stm32f1xx_hal_exti.c...
compiling stm32f1xx_hal_usart.c...
compiling stm32f1xx_hal_tim_ex.c...
compiling system_stm32f1xx.c...
compiling stm32f1xx_hal_uart.c...
compiling mini_f103c8t6.c...
compiling board.c...
compiling stm32f1xx_hal_tim.c...
../Core/Hardware/myconsole.c(23): warning: incompatible function pointer types initializing 'const init_fn_t' (aka 'int (*const)(void)') with an expression of type 'void (void)' [-Wincompatible-function-pointer-types]
INIT_BOARD_EXPORT(my_console_init);
^                 ~~~~~~~~~~~~~~~
../Core/RT_Thread/include\rtdef.h(205): note: expanded from macro 'INIT_BOARD_EXPORT'
#define INIT_BOARD_EXPORT(fn)           INIT_EXPORT(fn, "1")
                                        ^           ~~
../Core/RT_Thread/include\rtdef.h(197): note: expanded from macro 'INIT_EXPORT'
            RT_USED const init_fn_t __rt_init_##fn SECTION(".rti_fn."level) = fn
                                    ^                                         ~~
<scratch space>(10): note: expanded from here
__rt_init_my_console_init
^
../Core/Hardware/myconsole.c(64): warning: passing 'char *' to parameter of type 'rt_uint8_t *' (aka 'unsigned char *') converts between pointers to integer types where one is of the unique plain 'char' type and the other is not [-Wpointer-sign]
    while (rt_ringbuffer_getchar(&uart_rxcb, &ch) != 1)
                                             ^~~
../Core/Hardware/my_ringbuf_8bit.h(46): note: passing argument to parameter 'ch' here
rt_size_t rt_ringbuffer_getchar(struct rt_ringbuffer *rb, rt_uint8_t *ch);
                                                                      ^
2 warnings generated.
compiling myconsole.c...
compiling IO_config.c...
../Core/board/IO_def.c(93): warning: non-void function does not return a value in all control paths [-Wreturn-type]
}
^
../Core/board/IO_def.c(164): warning: incompatible function pointer types initializing 'const init_fn_t' (aka 'int (*const)(void)') with an expression of type 'void (void)' [-Wincompatible-function-pointer-types]
INIT_BOARD_EXPORT(GPIO_CLK_ENA);
^                 ~~~~~~~~~~~~
../Core/RT_Thread/include\rtdef.h(205): note: expanded from macro 'INIT_BOARD_EXPORT'
#define INIT_BOARD_EXPORT(fn)           INIT_EXPORT(fn, "1")
                                        ^           ~~
../Core/RT_Thread/include\rtdef.h(197): note: expanded from macro 'INIT_EXPORT'
            RT_USED const init_fn_t __rt_init_##fn SECTION(".rti_fn."level) = fn
                                    ^                                         ~~
<scratch space>(10): note: expanded from here
__rt_init_GPIO_CLK_ENA
^
2 warnings generated.
compiling IO_def.c...
compiling my_ringbuf_8bit.c...
../Core/Hardware/controller.c(151): warning: incompatible function pointer types initializing 'const init_fn_t' (aka 'int (*const)(void)') with an expression of type 'void ()' [-Wincompatible-function-pointer-types]
INIT_BOARD_EXPORT(controller_init);
^                 ~~~~~~~~~~~~~~~
../Core/RT_Thread/include\rtdef.h(205): note: expanded from macro 'INIT_BOARD_EXPORT'
#define INIT_BOARD_EXPORT(fn)           INIT_EXPORT(fn, "1")
                                        ^           ~~
../Core/RT_Thread/include\rtdef.h(197): note: expanded from macro 'INIT_EXPORT'
            RT_USED const init_fn_t __rt_init_##fn SECTION(".rti_fn."level) = fn
                                    ^                                         ~~
<scratch space>(10): note: expanded from here
__rt_init_controller_init
^
1 warning generated.
compiling controller.c...
compiling bit_io.c...
compiling data_req.c...
compiling watergriper.c...
compiling clock.c...
../Core/Hardware/led.c(9): warning: incompatible function pointer types initializing 'const init_fn_t' (aka 'int (*const)(void)') with an expression of type 'void (void)' [-Wincompatible-function-pointer-types]
INIT_BOARD_EXPORT(board_led_init);
^                 ~~~~~~~~~~~~~~
../Core/RT_Thread/include\rtdef.h(205): note: expanded from macro 'INIT_BOARD_EXPORT'
#define INIT_BOARD_EXPORT(fn)           INIT_EXPORT(fn, "1")
                                        ^           ~~
../Core/RT_Thread/include\rtdef.h(197): note: expanded from macro 'INIT_EXPORT'
            RT_USED const init_fn_t __rt_init_##fn SECTION(".rti_fn."level) = fn
                                    ^                                         ~~
<scratch space>(10): note: expanded from here
__rt_init_board_led_init
^
1 warning generated.
compiling led.c...
compiling sys.c...
compiling cpu.c...
compiling components.c...
compiling idle.c...
compiling irq.c...
compiling mempool.c...
compiling memheap.c...
compiling mem.c...
compiling ipc.c...
compiling object.c...
compiling kservice.c...
compiling scheduler.c...
compiling slab.c...
compiling cpuport.c...
compiling timer.c...
compiling thread.c...
compiling cmd.c...
compiling msh.c...
assembling context_rvds.S...
compiling shell.c...
linking...
Program Size: Code=30436 RO-data=1568 RW-data=204 ZI-data=19716  
FromELF: creating hex file...
"water_griper_v1.0debug\water_griper_v1.0debug" - 0 Error(s), 6 Warning(s).

<h2>Software Packages used:</h2>

Package Vendor: ARM
                http://www.keil.com/pack/ARM.CMSIS.5.8.0.pack
                ARM.CMSIS.5.8.0
                CMSIS (Common Microcontroller Software Interface Standard)
   * Component: CORE Version: 5.5.0

Package Vendor: Keil
                http://www.keil.com/pack/Keil.STM32F1xx_DFP.2.3.0.pack
                Keil.STM32F1xx_DFP.2.3.0
                STMicroelectronics STM32F1 Series Device Support, Drivers and Examples

<h2>Collection of Component include folders:</h2>
  .\RTE\_watergriper_master_v1.0debug
  D:\Keil_packs\ARM\CMSIS\5.8.0\CMSIS\Core\Include
  D:\Keil_packs\Keil\STM32F1xx_DFP\2.3.0\Device\Include

<h2>Collection of Component Files used:</h2>

   * Component: ARM::CMSIS:CORE:5.5.0
Build Time Elapsed:  00:00:06
</pre>
</body>
</html>
